2025-10-09 05:21:22.294123888[CLIENT]Registered class clazz dawncraft:brawler
2025-10-09 05:21:22.294807163[CLIENT]Registered class clazz dawncraft:warrior
2025-10-09 05:21:22.29492335[CLIENT]Registered class clazz dawncraft:berserker
2025-10-09 05:21:22.295032033[CLIENT]Registered class clazz dawncraft:roamer
2025-10-09 05:21:22.295126429[CLIENT]Registered class clazz dawncraft:lancer
2025-10-09 05:21:22.295219423[CLIENT]Registered class clazz dawncraft:ronin
2025-10-09 05:21:22.295477445[CLIENT]Registered class clazz dawncraft:astrologer
2025-10-09 05:21:22.295586508[CLIENT]Registered class clazz dawncraft:tank
2025-10-09 05:22:08.83923518[CLIENT]Applying dawncraft:astrologer modifiers to player Octlopez04
2025-10-09 05:22:08.840575892[CLIENT]Applying attribute minecraft:generic.max_health with value 16.0 to player Octlopez04
2025-10-09 05:22:08.841206129[CLIENT]Applying attribute paraglider:max_stamina with value 20.0 to player Octlopez04
2025-10-09 05:22:08.841597319[CLIENT]Attribute is paraglider:max_stamina, removing 28.0 points as default.
2025-10-09 05:22:12.371173601[CLIENT]Applying dawncraft:astrologer modifiers to player Lumi_uwu
2025-10-09 05:22:12.372090152[CLIENT]Applying attribute minecraft:generic.max_health with value 16.0 to player Lumi_uwu
2025-10-09 05:22:12.372330961[CLIENT]Applying attribute paraglider:max_stamina with value 20.0 to player Lumi_uwu
2025-10-09 05:22:12.372467736[CLIENT]Attribute is paraglider:max_stamina, removing 28.0 points as default.
2025-10-09 05:29:53.000665694[CLIENT]Running dawncraft:astrologer commands for player Octlopez04
2025-10-09 05:29:53.705437144[CLIENT]Running dawncraft:astrologer commands for player Octlopez04
2025-10-09 05:29:54.44846936[CLIENT]Running dawncraft:astrologer commands for player Octlopez04
2025-10-09 05:29:55.448983799[CLIENT]Running dawncraft:astrologer commands for player Octlopez04
2025-10-09 05:29:55.451381775[CLIENT]Running dawncraft:astrologer commands for player Octlopez04
2025-10-09 05:30:00.899136027[CLIENT]Running dawncraft:astrologer commands for player Octlopez04
2025-10-09 05:30:00.902994309[CLIENT]Running dawncraft:astrologer commands for player Octlopez04
2025-10-09 05:30:00.903984647[CLIENT]Running dawncraft:astrologer commands for player Octlopez04
2025-10-09 05:30:01.497653023[CLIENT]Running dawncraft:astrologer commands for player Octlopez04
2025-10-09 05:30:02.799633531[CLIENT]Running dawncraft:astrologer commands for player Octlopez04
2025-10-09 05:30:02.801187512[CLIENT]Running dawncraft:astrologer commands for player Octlopez04
2025-10-09 05:32:57.600883865[CLIENT]Running dawncraft:astrologer commands for player Lumi_uwu
2025-10-09 05:32:57.649165318[CLIENT]Running dawncraft:astrologer commands for player Lumi_uwu
